analysing EURUSD
{
 "bars": 1993457,
 "first": "2020-01-01 22:00:00+00:00",
 "last": "2025-06-30 23:59:00+00:00",
 "by_session": {
  "asia_only": {
   "share_of_bars": 0.255,
   "spread_median": 0.2,
   "spread_p90": 0.2,
   "abs_ret_1m_median": 0.4,
   "range_60m_median": 7.9,
   "rt_cost_pips": 1.1,
   "cost_R_stop_0p5_range60": 0.278,
   "cost_R_stop_1p0_range60": 0.139
  },
  "london_only": {
   "share_of_bars": 0.209,
   "spread_median": 0.2,
   "spread_p90": 0.2,
   "abs_ret_1m_median": 0.8,
   "range_60m_median": 15.3,
   "rt_cost_pips": 1.1,
   "cost_R_stop_0p5_range60": 0.144,
   "cost_R_stop_1p0_range60": 0.072
  },
  "overlap": {
   "share_of_bars": 0.147,
   "spread_median": 0.2,
   "spread_p90": 0.2,
   "abs_ret_1m_median": 1.0,
   "range_60m_median": 19.2,
   "rt_cost_pips": 1.1,
   "cost_R_stop_0p5_range60": 0.115,
   "cost_R_stop_1p0_range60": 0.057
  },
  "newyork_only": {
   "share_of_bars": 0.223,
   "spread_median": 0.2,
   "spread_p90": 0.2,
   "abs_ret_1m_median": 0.6,
   "range_60m_median": 12.7,
   "rt_cost_pips": 1.1,
   "cost_R_stop_0p5_range60": 0.173,
   "cost_R_stop_1p0_range60": 0.087
  },
  "off_hours": {
   "share_of_bars": 0.166,
   "spread_median": 0.2,
   "spread_p90": 0.2,
   "abs_ret_1m_median": 0.4,
   "range_60m_median": 7.6,
   "rt_cost_pips": 1.1,
   "cost_R_stop_0p5_range60": 0.289,
   "cost_R_stop_1p0_range60": 0.145
  },
  "rollover_blackout": {
   "share_of_bars": 0.03,
   "spread_median": 0.2,
   "spread_p90": 0.2,
   "abs_ret_1m_median": 0.3,
   "range_60m_median": 8.0,
   "rt_cost_pips": 1.1,
   "cost_R_stop_0p5_range60": 0.275,
   "cost_R_stop_1p0_range60": 0.137
  }
 }
}
analysing GBPUSD
{
 "bars": 1993668,
 "first": "2020-01-01 22:02:00+00:00",
 "last": "2025-06-30 23:59:00+00:00",
 "by_session": {
  "asia_only": {
   "share_of_bars": 0.256,
   "spread_median": 0.4,
   "spread_p90": 0.4,
   "abs_ret_1m_median": 0.6,
   "range_60m_median": 10.5,
   "rt_cost_pips": 1.3,
   "cost_R_stop_0p5_range60": 0.248,
   "cost_R_stop_1p0_range60": 0.124
  },
  "london_only": {
   "share_of_bars": 0.209,
   "spread_median": 0.4,
   "spread_p90": 0.4,
   "abs_ret_1m_median": 1.1,
   "range_60m_median": 21.7,
   "rt_cost_pips": 1.3,
   "cost_R_stop_0p5_range60": 0.12,
   "cost_R_stop_1p0_range60": 0.06
  },
  "overlap": {
   "share_of_bars": 0.147,
   "spread_median": 0.4,
   "spread_p90": 0.4,
   "abs_ret_1m_median": 1.4,
   "range_60m_median": 25.7,
   "rt_cost_pips": 1.3,
   "cost_R_stop_0p5_range60": 0.101,
   "cost_R_stop_1p0_range60": 0.051
  },
  "newyork_only": {
   "share_of_bars": 0.223,
   "spread_median": 0.4,
   "spread_p90": 0.4,
   "abs_ret_1m_median": 0.8,
   "range_60m_median": 17.0,
   "rt_cost_pips": 1.3,
   "cost_R_stop_0p5_range60": 0.153,
   "cost_R_stop_1p0_range60": 0.076
  },
  "off_hours": {
   "share_of_bars": 0.166,
   "spread_median": 0.4,
   "spread_p90": 0.4,
   "abs_ret_1m_median": 0.5,
   "range_60m_median": 11.0,
   "rt_cost_pips": 1.3,
   "cost_R_stop_0p5_range60": 0.236,
   "cost_R_stop_1p0_range60": 0.118
  },
  "rollover_blackout": {
   "share_of_bars": 0.03,
   "spread_median": 0.4,
   "spread_p90": 0.4,
   "abs_ret_1m_median": 0.4,
   "range_60m_median": 10.9,
   "rt_cost_pips": 1.3,
   "cost_R_stop_0p5_range60": 0.239,
   "cost_R_stop_1p0_range60": 0.119
  }
 }
}
analysing USDJPY
{
 "bars": 1992426,
 "first": "2020-01-01 22:00:00+00:00",
 "last": "2025-06-30 23:59:00+00:00",
 "by_session": {
  "asia_only": {
   "share_of_bars": 0.256,
   "spread_median": 0.3,
   "spread_p90": 0.3,
   "abs_ret_1m_median": 0.7,
   "range_60m_median": 15.2,
   "rt_cost_pips": 1.507,
   "cost_R_stop_0p5_range60": 0.198,
   "cost_R_stop_1p0_range60": 0.099
  },
  "london_only": {
   "share_of_bars": 0.209,
   "spread_median": 0.3,
   "spread_p90": 0.3,
   "abs_ret_1m_median": 0.9,
   "range_60m_median": 17.1,
   "rt_cost_pips": 1.507,
   "cost_R_stop_0p5_range60": 0.176,
   "cost_R_stop_1p0_range60": 0.088
  },
  "overlap": {
   "share_of_bars": 0.147,
   "spread_median": 0.3,
   "spread_p90": 0.3,
   "abs_ret_1m_median": 1.1,
   "range_60m_median": 21.4,
   "rt_cost_pips": 1.507,
   "cost_R_stop_0p5_range60": 0.141,
   "cost_R_stop_1p0_range60": 0.07
  },
  "newyork_only": {
   "share_of_bars": 0.223,
   "spread_median": 0.3,
   "spread_p90": 0.3,
   "abs_ret_1m_median": 0.6,
   "range_60m_median": 13.8,
   "rt_cost_pips": 1.507,
   "cost_R_stop_0p5_range60": 0.218,
   "cost_R_stop_1p0_range60": 0.109
  },
  "off_hours": {
   "share_of_bars": 0.166,
   "spread_median": 0.3,
   "spread_p90": 0.3,
   "abs_ret_1m_median": 0.5,
   "range_60m_median": 11.7,
   "rt_cost_pips": 1.507,
   "cost_R_stop_0p5_range60": 0.258,
   "cost_R_stop_1p0_range60": 0.129
  },
  "rollover_blackout": {
   "share_of_bars": 0.03,
   "spread_median": 0.3,
   "spread_p90": 0.3,
   "abs_ret_1m_median": 0.4,
   "range_60m_median": 9.8,
   "rt_cost_pips": 1.507,
   "cost_R_stop_0p5_range60": 0.308,
   "cost_R_stop_1p0_range60": 0.154
  }
 }
}
analysing XAUUSD
{
 "bars": 1901183,
 "first": "2020-01-01 23:00:00+00:00",
 "last": "2025-06-30 23:59:00+00:00",
 "by_session": {
  "asia_only": {
   "share_of_bars": 0.267,
   "spread_median": 1.0,
   "spread_p90": 1.0,
   "abs_ret_1m_median": 1.7,
   "range_60m_median": 32.74,
   "rt_cost_pips": 1.9,
   "cost_R_stop_0p5_range60": 0.116,
   "cost_R_stop_1p0_range60": 0.058
  },
  "london_only": {
   "share_of_bars": 0.218,
   "spread_median": 1.0,
   "spread_p90": 1.0,
   "abs_ret_1m_median": 2.4,
   "range_60m_median": 45.3,
   "rt_cost_pips": 1.9,
   "cost_R_stop_0p5_range60": 0.084,
   "cost_R_stop_1p0_range60": 0.042
  },
  "overlap": {
   "share_of_bars": 0.153,
   "spread_median": 1.0,
   "spread_p90": 1.0,
   "abs_ret_1m_median": 3.9,
   "range_60m_median": 72.7,
   "rt_cost_pips": 1.9,
   "cost_R_stop_0p5_range60": 0.052,
   "cost_R_stop_1p0_range60": 0.026
  },
  "newyork_only": {
   "share_of_bars": 0.229,
   "spread_median": 1.0,
   "spread_p90": 1.0,
   "abs_ret_1m_median": 2.2,
   "range_60m_median": 46.6,
   "rt_cost_pips": 1.9,
   "cost_R_stop_0p5_range60": 0.082,
   "cost_R_stop_1p0_range60": 0.041
  },
  "off_hours": {
   "share_of_bars": 0.133,
   "spread_median": 1.0,
   "spread_p90": 1.0,
   "abs_ret_1m_median": 1.67,
   "range_60m_median": 32.73,
   "rt_cost_pips": 1.9,
   "cost_R_stop_0p5_range60": 0.116,
   "cost_R_stop_1p0_range60": 0.058
  },
  "rollover_blackout": {
   "share_of_bars": 0.023,
   "spread_median": 1.0,
   "spread_p90": 1.0,
   "abs_ret_1m_median": 1.33,
   "range_60m_median": 31.77,
   "rt_cost_pips": 1.9,
   "cost_R_stop_0p5_range60": 0.12,
   "cost_R_stop_1p0_range60": 0.06
  }
 }
}
analysing XAGUSD
{
 "bars": 1885592,
 "first": "2020-01-01 23:00:00+00:00",
 "last": "2025-06-30 23:59:00+00:00",
 "by_session": {
  "asia_only": {
   "share_of_bars": 0.266,
   "spread_median": 2.0,
   "spread_p90": 2.0,
   "abs_ret_1m_median": 0.5,
   "range_60m_median": 8.6,
   "rt_cost_pips": 2.34,
   "cost_R_stop_0p5_range60": 0.544,
   "cost_R_stop_1p0_range60": 0.272
  },
  "london_only": {
   "share_of_bars": 0.219,
   "spread_median": 2.0,
   "spread_p90": 2.0,
   "abs_ret_1m_median": 0.6,
   "range_60m_median": 11.2,
   "rt_cost_pips": 2.34,
   "cost_R_stop_0p5_range60": 0.418,
   "cost_R_stop_1p0_range60": 0.209
  },
  "overlap": {
   "share_of_bars": 0.154,
   "spread_median": 2.0,
   "spread_p90": 2.0,
   "abs_ret_1m_median": 1.0,
   "range_60m_median": 18.3,
   "rt_cost_pips": 2.34,
   "cost_R_stop_0p5_range60": 0.256,
   "cost_R_stop_1p0_range60": 0.128
  },
  "newyork_only": {
   "share_of_bars": 0.229,
   "spread_median": 2.0,
   "spread_p90": 2.0,
   "abs_ret_1m_median": 0.5,
   "range_60m_median": 11.4,
   "rt_cost_pips": 2.34,
   "cost_R_stop_0p5_range60": 0.411,
   "cost_R_stop_1p0_range60": 0.205
  },
  "off_hours": {
   "share_of_bars": 0.131,
   "spread_median": 2.0,
   "spread_p90": 2.0,
   "abs_ret_1m_median": 0.5,
   "range_60m_median": 8.8,
   "rt_cost_pips": 2.34,
   "cost_R_stop_0p5_range60": 0.532,
   "cost_R_stop_1p0_range60": 0.266
  },
  "rollover_blackout": {
   "share_of_bars": 0.022,
   "spread_median": 2.0,
   "spread_p90": 2.0,
   "abs_ret_1m_median": 0.4,
   "range_60m_median": 7.6,
   "rt_cost_pips": 2.34,
   "cost_R_stop_0p5_range60": 0.616,
   "cost_R_stop_1p0_range60": 0.308
  }
 }
}
