EURUSD 2020 full-year 372275 bars
EURUSD 2021 full-year 369442 bars
EURUSD 2022 full-year 372805 bars
EURUSD 2023 full-year 322578 bars
EURUSD 2024 full-year 372379 bars
EURUSD 2025 full-year 183978 bars
GBPUSD 2020 full-year 372997 bars
GBPUSD 2021 full-year 370338 bars
GBPUSD 2022 full-year 372434 bars
GBPUSD 2023 full-year 322407 bars
GBPUSD 2024 full-year 372047 bars
GBPUSD 2025 full-year 183445 bars
USDJPY 2020 full-year 372140 bars
USDJPY 2021 full-year 369333 bars
USDJPY 2022 full-year 372536 bars
USDJPY 2023 full-year 322896 bars
USDJPY 2024 full-year 372023 bars
USDJPY 2025 full-year 183498 bars
XAUUSD 2020 full-year 354291 bars
XAUUSD 2021 full-year 353386 bars
XAUUSD 2022 full-year 354568 bars
XAUUSD 2023 full-year 308752 bars
XAUUSD 2024 full-year 355592 bars
XAUUSD 2025 full-year 174594 bars
XAGUSD 2020 full-year 351420 bars
XAGUSD 2021 full-year 350676 bars
XAGUSD 2022 full-year 351300 bars
XAGUSD 2023 full-year 304497 bars
XAGUSD 2024 full-year 353319 bars
XAGUSD 2025 full-year 174380 bars
